### Step 2A
aj@Adrianas-MacBook-Air ~ % pwd
/Users/aj
aj@Adrianas-MacBook-Air ~ % 

### Step 2B
aj@Adrianas-MacBook-Air ~ % cd 
aj@Adrianas-MacBook-Air ~ % 

### Step 2C
cd unit1-git-practice

### Step 2D
/Users/aj/Desktop/Unit1-Git-Practice

### Step 2E
aj@Adrianas-MacBook-Air ~ % ls

### Step 2F
Applications	Downloads	Music		PycharmProjects
Desktop		Library		Pictures	         anaconda3
Documents	Movies		Public

### Step 2G
cd /

### Step 2H
aj@Adrianas-MacBook-Air Desktop % Users/aj/Desktop/unit1-git-practice
zsh: no such file or directory: Users/aj/Desktop/unit1-git-practice

### Step 2I
aj@Adrianas-MacBook-Air unit1-git-practice % cd /Users/aj/Desktop/unit1-git-practice

### Step 2J
aj@Adrianas-MacBook-Air unit1-git-practice % cd ~

### Step 2K
aj@Adrianas-MacBook-Air ~ % cd ~ Desktop/unit1-git-practice 
~/Desktop/unit1-git-practice
(base) aj@Adrianas-MacBook-Air unit1-git-practice %

### Step 3A
aj@Adrianas-MacBook-Air unit1-git-practice % mkdir "veggies" "meats" "desserts"
aj@Adrianas-MacBook-Air unit1-git-practice % ls
desserts	    meats    my-steps.txt	     veggies

### Step 3B
aj@Adrianas-MacBook-Air unit1-git-practice % mv desserts sweets                    
aj@Adrianas-MacBook-Air unit1-git-practice % ls 
meats	my-steps.txt	sweets		veggies

### Step 3C
aj@Adrianas-MacBook-Air unit1-git-practice % mkdir "proteins"        
aj@Adrianas-MacBook-Air unit1-git-practice % ls
meats	my-steps.txt	proteins	     sweets       veggies

### Step 3D
aj@Adrianas-MacBook-Air unit1-git-practice % mv meats proteins
aj@Adrianas-MacBook-Air unit1-git-practice % ls
my-steps.txt	proteins    sweets       veggies

### Step 3E
aj@Adrianas-MacBook-Air unit1-git-practice % cd veggies              
aj@Adrianas-MacBook-Air veggies % touch carrot.txt
aj@Adrianas-MacBook-Air veggies % touch pea.txt
aj@Adrianas-MacBook-Air veggies % ls
carrot.txt	pea.txt

### Step 3F
aj@Adrianas-MacBook-Air veggies % cd ..          
aj@Adrianas-MacBook-Air unit1-git-practice % pwd
/Users/aj/Desktop/unit1-git-practice
aj@Adrianas-MacBook-Air unit1-git-practice % cd sweets
aj@Adrianas-MacBook-Air sweets % touch cookie.txt

### Step 3G
aj@Adrianas-MacBook-Air sweets % mv cookie.txt donut.txt 
aj@Adrianas-MacBook-Air sweets % ls
donut.txt

### Step 3H
aj@Adrianas-MacBook-Air unit1-git-practice % touch thing.txt
aj@Adrianas-MacBook-Air unit1-git-practice % ls
menu.txt	        proteins	    thing.txt
my-steps.txt	sweets	    veggies
 
### Step 3I
aj@Adrianas-MacBook-Air unit1-git-practice % cp thing.txt tofu.txt
aj@Adrianas-MacBook-Air unit1-git-practice % ls
menu.txt	         proteins	thing.txt   veggies
my-steps.txt	sweets		tofu.txt

### Step 3J
aj@Adrianas-MacBook-Air unit1-git-practice % mv tofu.txt proteins
aj@Adrianas-MacBook-Air unit1-git-practice % ls
menu.txt	proteins	thing.txt
my-steps.txt	sweets		veggies

### Step 3K
aj@Adrianas-MacBook-Air unit1-git-practice % cp thing.txt crab.txt
aj@Adrianas-MacBook-Air unit1-git-practice % ls
crab.txt	   my-steps.txt	   sweets        veggies
menu.txt	   proteins	   thing.txt
aj@Adrianas-MacBook-Air unit1-git-practice % mv crab.txt proteins
aj@Adrianas-MacBook-Air unit1-git-practice % cd proteins     
aj@Adrianas-MacBook-Air proteins % ls
crab.txt	      meats      tofu.txt
aj@Adrianas-MacBook-Air proteins % mv crab.txt meats
aj@Adrianas-MacBook-Air proteins % cd ..
aj@Adrianas-MacBook-Air unit1-git-practice % cd proteins/meats 
'aj@Adrianas-MacBook-Air meats % ls
crab.txt

### Step 3L
aj@Adrianas-MacBook-Air meats % cd ..
aj@Adrianas-MacBook-Air proteins % cd ..
aj@Adrianas-MacBook-Air unit1-git-practice % rm thing.txt
aj@Adrianas-MacBook-Air unit1-git-practice % ls
menu.txt	  my-steps.txt	proteins	     sweets      veggies

### Step 3M
aj@Adrianas-MacBook-Air unit1-git-practice % cp -r veggies "plants"
aj@Adrianas-MacBook-Air unit1-git-practice % ls
menu.txt	      plants	sweets
my-steps.txt.  proteins	veggies

### Step 3N
aj@Adrianas-MacBook-Air unit1-git-practice % mkdir "drinks"
aj@Adrianas-MacBook-Air unit1-git-practice % ls
drinks	   my-steps.txt  proteins	     veggies
menu.txt	   plants        sweets
aj@Adrianas-MacBook-Air unit1-git-practice % rm -r drinks
aj@Adrianas-MacBook-Air unit1-git-practice % ls
menu.txt        plants	  sweets
my-steps.txt    proteins	  veggies

### Step 4
Initialized empty Git repository in /Users/aj/Desktop/unit1-git-practice/.git/
aj@Adrianas-MacBook-Air unit1-git-practice % git add . 
aj@Adrianas-MacBook-Air unit1-git-practice % git status
On branch master

No commits yet

Changes to be committed:
  (use "git rm --cached <file>..." to unstage)
	new file:   .DS_Store
	new file:   my-steps.txt
	new file:   plants/carrot.txt
	new file:   plants/pea.txt
	new file:   proteins/.DS_Store
	new file:   proteins/meats/crab.txt
	new file:   proteins/tofu.txt
	new file:   sweets/.DS_Store
	new file:   sweets/donut.txt
	new file:   veggies/carrot.txt
	new file:   veggies/pea.txt
aj@Adrianas-MacBook-Air unit1-git-practice % git commit -m 'first commit'
[master (root-commit) 598d05b] first commit
 11 files changed, 147 insertions(+)
 create mode 100644 .DS_Store
 create mode 100644 my-steps.txt
 create mode 100644 plants/carrot.txt
 create mode 100644 plants/pea.txt
 create mode 100644 proteins/.DS_Store
 create mode 100644 proteins/meats/crab.txt
 create mode 100644 proteins/tofu.txt
 create mode 100644 sweets/.DS_Store
 create mode 100644 sweets/donut.txt
 create mode 100644 veggies/carrot.txt
 create mode 100644 veggies/pea.txt

### Step 5


### Step 6


### Step 7
*** DO NOT RECORD STEP 7 ***